\BOOKMARK [0][-]{chapter*.1}{\376\377\000L\000i\000s\000t\000\040\000o\000f\000\040\000T\000a\000b\000l\000e\000s}{}% 1
\BOOKMARK [0][-]{chapter*.2}{\376\377\000L\000i\000s\000t\000\040\000o\000f\000\040\000F\000i\000g\000u\000r\000e\000s}{}% 2
\BOOKMARK [0][-]{chapter*.4}{\376\377\000A\000b\000s\000t\000r\000a\000c\000t}{}% 3
\BOOKMARK [0][-]{chapter*.5}{\376\377\000A\000c\000k\000n\000o\000w\000l\000e\000d\000g\000e\000m\000e\000n\000t}{}% 4
\BOOKMARK [0][-]{chapter.1}{\376\377\000I\000n\000t\000r\000o\000d\000u\000c\000t\000i\000o\000n}{}% 5
\BOOKMARK [1][-]{section.1.1}{\376\377\000S\000t\000a\000t\000e\000m\000e\000n\000t\000\040\000o\000f\000\040\000t\000h\000e\000\040\000P\000r\000o\000b\000l\000e\000m}{chapter.1}% 6
\BOOKMARK [1][-]{section.1.2}{\376\377\000S\000i\000g\000n\000i\000f\000i\000c\000a\000n\000c\000e\000\040\000o\000f\000\040\000t\000h\000i\000s\000\040\000S\000t\000u\000d\000y}{chapter.1}% 7
\BOOKMARK [1][-]{section.1.3}{\376\377\000S\000c\000o\000p\000e\000\040\000o\000f\000\040\000t\000h\000i\000s\000\040\000S\000t\000u\000d\000y}{chapter.1}% 8
\BOOKMARK [0][-]{chapter.2}{\376\377\000R\000e\000v\000i\000e\000w\000\040\000o\000f\000\040\000R\000e\000l\000a\000t\000e\000d\000\040\000L\000i\000t\000e\000r\000a\000t\000u\000r\000e}{}% 9
\BOOKMARK [1][-]{section.2.1}{\376\377\000P\000a\000u\000l\000l\000,\000\040\000H\000u\000a\000n\000g\000,\000\040\000S\000e\000t\000o\000\040\000\046\000\040\000L\000e\000o\000n\000a\000r\000d}{chapter.2}% 10
\BOOKMARK [1][-]{section.2.2}{\376\377\000L\000u\000o\000,\000\040\000Z\000h\000o\000u\000,\000\040\000Z\000e\000n\000g\000,\000\040\000J\000i\000a\000n\000g\000,\000\040\000Q\000i\000,\000\040\000X\000i\000a\000n\000g\000,\000\040\000P\000a\000n\000g\000\040\000\046\000\040\000T\000a\000n\000g}{chapter.2}% 11
\BOOKMARK [1][-]{section.2.3}{\376\377\000L\000i\000\040\000\046\000\040\000Z\000h\000a\000n\000g}{chapter.2}% 12
\BOOKMARK [1][-]{section.2.4}{\376\377\000A\000d\000a\000n\000g\000,\000\040\000L\000o\000w\000,\000\040\000S\000h\000o\000r\000i\000n\000w\000a\000\040\000\046\000\040\000S\000c\000h\000w\000a\000g\000e\000r}{chapter.2}% 13
\BOOKMARK [1][-]{section.2.5}{\376\377\000M\000a\000r\000a\000f\000i\000o\000t\000i\000\040\000e\000t\000\040\000a\000l\000.}{chapter.2}% 14
\BOOKMARK [1][-]{section.2.6}{\376\377\000J\000.\000\040\000L\000i\000,\000\040\000D\000.\000\040\000L\000i\000,\000\040\000S\000a\000v\000a\000r\000e\000s\000e\000\040\000\046\000\040\000H\000o\000i}{chapter.2}% 15
\BOOKMARK [1][-]{section.2.7}{\376\377\000H\000a\000n\000i\000,\000\040\000T\000a\000g\000o\000u\000g\000u\000i\000\040\000\046\000\040\000K\000h\000e\000r\000a\000l\000l\000a\000h}{chapter.2}% 16
\BOOKMARK [1][-]{section.2.8}{\376\377\000N\000V\000I\000D\000I\000A}{chapter.2}% 17
\BOOKMARK [1][-]{section.2.9}{\376\377\000H\000.\000\040\000L\000i\000,\000\040\000W\000a\000n\000g\000,\000\040\000Z\000h\000a\000n\000g\000,\000\040\000L\000.\000\040\000L\000i\000\040\000\046\000\040\000R\000e\000n}{chapter.2}% 18
\BOOKMARK [1][-]{section.2.10}{\376\377\000W\000.\000\040\000C\000h\000e\000n\000,\000\040\000X\000u\000,\000\040\000H\000.\000\040\000C\000h\000e\000n\000,\000\040\000X\000.\000\040\000Z\000h\000a\000n\000g\000,\000\040\000Q\000i\000n\000,\000\040\000Y\000.\000\040\000Z\000h\000a\000n\000g\000\040\000\046\000\040\000H\000a\000n}{chapter.2}% 19
\BOOKMARK [1][-]{section.2.11}{\376\377\000Z\000h\000a\000n\000g\000\040\000e\000t\000\040\000a\000l\000.}{chapter.2}% 20
\BOOKMARK [1][-]{section.2.12}{\376\377\000L\000u\000o\000,\000\040\000C\000h\000e\000n\000\040\000\046\000\040\000G\000u\000o}{chapter.2}% 21
\BOOKMARK [1][-]{section.2.13}{\376\377\000S\000h\000i\000,\000\040\000X\000i\000a\000o\000,\000\040\000L\000i\000\040\000\046\000\040\000X\000i\000e}{chapter.2}% 22
\BOOKMARK [1][-]{section.2.14}{\376\377\000X\000i\000e\000,\000\040\000Q\000i\000n\000,\000\040\000L\000i\000\040\000\046\000\040\000J\000u\000a\000n\000g}{chapter.2}% 23
\BOOKMARK [1][-]{section.2.15}{\376\377\000H\000u\000a\000n\000g\000,\000\040\000T\000a\000o\000,\000\040\000G\000a\000o\000\040\000\046\000\040\000L\000u}{chapter.2}% 24
\BOOKMARK [1][-]{section.2.16}{\376\377\000J\000.\000\040\000W\000u\000,\000\040\000C\000.\000\040\000W\000u\000,\000\040\000L\000i\000n\000,\000\040\000Y\000o\000s\000h\000i\000n\000a\000g\000a\000,\000\040\000Z\000h\000o\000n\000g\000,\000\040\000C\000h\000e\000n\000\040\000\046\000\040\000J\000i}{chapter.2}% 25
\BOOKMARK [1][-]{section.2.17}{\376\377\000A\000k\000k\000a\000y\000n\000a\000k\000\040\000\046\000\040\000T\000r\000e\000i\000b\000i\000t\000z}{chapter.2}% 26
\BOOKMARK [1][-]{section.2.18}{\376\377\000W\000a\000n\000g\000,\000\040\000S\000u\000n\000\040\000\046\000\040\000R\000e\000n}{chapter.2}% 27
\BOOKMARK [1][-]{section.2.19}{\376\377\000L\000o\000p\000e\000z\000-\000V\000a\000z\000q\000u\000e\000z\000,\000\040\000L\000o\000p\000e\000z\000-\000G\000u\000e\000d\000e\000,\000\040\000C\000h\000a\000t\000z\000i\000e\000v\000a\000n\000g\000e\000l\000o\000u\000\040\000e\000t\000\040\000a\000l\000.}{chapter.2}% 28
\BOOKMARK [1][-]{section.2.20}{\376\377\000D\000u\000,\000\040\000S\000u\000n\000,\000\040\000K\000.\000\040\000W\000a\000n\000g\000,\000\040\000Y\000a\000n\000g\000\040\000\046\000\040\000C\000.\000\040\000W\000a\000n\000g}{chapter.2}% 29
\BOOKMARK [1][-]{section.2.21}{\376\377\000W\000o\000n\000g\000,\000\040\000Y\000u\000,\000\040\000H\000o\000\040\000\046\000\040\000P\000a\000r\000a\000m\000e\000s\000r\000a\000n}{chapter.2}% 30
\BOOKMARK [0][-]{chapter.3}{\376\377\000M\000e\000t\000h\000o\000d\000o\000l\000o\000g\000y}{}% 31
\BOOKMARK [1][-]{section.3.1}{\376\377\000D\000a\000t\000a}{chapter.3}% 32
\BOOKMARK [1][-]{section.3.2}{\376\377\000M\000e\000t\000h\000o\000d\000o\000l\000o\000g\000y}{chapter.3}% 33
\BOOKMARK [1][-]{section.3.3}{\376\377\000E\000x\000p\000e\000r\000i\000m\000e\000n\000t\000s}{chapter.3}% 34
\BOOKMARK [0][-]{chapter.4}{\376\377\000A\000n\000a\000l\000y\000s\000i\000s\000\040\000a\000n\000d\000\040\000D\000i\000s\000c\000u\000s\000s\000i\000o\000n}{}% 35
\BOOKMARK [1][-]{section.4.1}{\376\377\000A\000b\000l\000a\000t\000i\000o\000n\000\040\000S\000t\000u\000d\000y\000\040\000R\000e\000s\000u\000l\000t\000s}{chapter.4}% 36
\BOOKMARK [1][-]{section.4.2}{\376\377\000B\000e\000n\000c\000h\000m\000a\000r\000k\000\040\000C\000o\000m\000p\000a\000r\000i\000s\000o\000n}{chapter.4}% 37
\BOOKMARK [1][-]{section.4.3}{\376\377\000C\000o\000m\000p\000u\000t\000a\000t\000i\000o\000n\000a\000l\000\040\000E\000f\000f\000i\000c\000i\000e\000n\000c\000y\000\040\000a\000n\000d\000\040\000D\000e\000p\000l\000o\000y\000m\000e\000n\000t\000\040\000A\000n\000a\000l\000y\000s\000i\000s}{chapter.4}% 38
\BOOKMARK [0][-]{chapter.5}{\376\377\000C\000o\000n\000c\000l\000u\000s\000i\000o\000n}{}% 39
\BOOKMARK [1][-]{section.5.1}{\376\377\000C\000o\000n\000c\000l\000u\000s\000i\000o\000n}{chapter.5}% 40
\BOOKMARK [1][-]{section.5.2}{\376\377\000S\000u\000m\000m\000a\000r\000y\000\040\000o\000f\000\040\000C\000o\000n\000t\000r\000i\000b\000u\000t\000i\000o\000n\000s}{chapter.5}% 41
\BOOKMARK [1][-]{section.5.3}{\376\377\000F\000u\000t\000u\000r\000e\000\040\000R\000e\000s\000e\000a\000r\000c\000h}{chapter.5}% 42
\BOOKMARK [0][-]{appendix.A}{\376\377\000E\000n\000v\000i\000r\000o\000n\000m\000e\000n\000t\000\040\000a\000n\000d\000\040\000S\000o\000u\000r\000c\000e\000\040\000C\000o\000d\000e\000s}{}% 43
\BOOKMARK [1][-]{section.A.1}{\376\377\000E\000n\000v\000i\000r\000o\000n\000m\000e\000n\000t}{appendix.A}% 44
\BOOKMARK [1][-]{section.A.2}{\376\377\000I\000n\000t\000e\000r\000f\000a\000c\000e\000\040\000M\000o\000d\000u\000l\000e\000s}{appendix.A}% 45
\BOOKMARK [2][-]{subsection.A.2.1}{\376\377\000S\000o\000u\000r\000c\000e\000\040\000C\000o\000d\000e\000s}{section.A.2}% 46
\BOOKMARK [2][-]{subsection.A.2.2}{\376\377\000U\000s\000e\000r\000\040\000I\000n\000t\000e\000r\000f\000a\000c\000e}{section.A.2}% 47
\BOOKMARK [0][-]{appendix.B}{\376\377\000D\000a\000t\000a\000\040\000S\000e\000t\000s}{}% 48
\BOOKMARK [0][-]{appendix.C}{\376\377\000E\000x\000p\000e\000r\000i\000m\000e\000n\000t\000s}{}% 49
\BOOKMARK [0][-]{appendix.D}{\376\377\000A\000n\000a\000l\000y\000s\000e\000s}{}% 50
\BOOKMARK [0][-]{appendix.D}{\376\377\000B\000i\000b\000l\000i\000o\000g\000r\000a\000p\000h\000y}{}% 51
